src/features/ia/hooks/useLLMQuota.ts(4,35): error TS2307: Cannot find module '../../../hooks/useUserPlanLimits' or its corresponding type declarations.
src/features/ia/tools/IAToolExample/IAToolExamplePage.tsx(44,10): error TS2304: Cannot find name 'selectedCategoryId'.
src/features/ia/tools/IAToolExample/IAToolExamplePage.tsx(46,30): error TS2304: Cannot find name 'categories'.
src/features/ia/tools/IAToolExample/IAToolExamplePage.tsx(46,60): error TS2304: Cannot find name 'selectedCategoryId'.
src/features/ia/tools/IAToolExample/IAToolExamplePage.tsx(51,30): error TS2304: Cannot find name 'selectedCategoryId'.
src/features/ia/tools/IAToolExample/IAToolExamplePage.tsx(51,50): error TS2304: Cannot find name 'categories'.
src/features/ia/tools/IAToolExample/IAToolExamplePage.tsx(56,28): error TS2304: Cannot find name 'categories'.
src/features/ia/tools/IAToolExample/IAToolExamplePage.tsx(56,58): error TS2304: Cannot find name 'selectedCategoryId'.
src/features/ia/tools/IAToolExample/IAToolExamplePage.tsx(80,36): error TS2304: Cannot find name 'fetchBookmarks'.
src/features/ia/tools/IAToolExample/IAToolExamplePage.tsx(81,77): error TS2304: Cannot find name 'selectedCategoryId'.
src/features/ia/tools/IAToolExample/IAToolExamplePage.tsx(102,19): error TS2304: Cannot find name 'selectedCategoryId'.
src/features/ia/tools/IAToolExample/IAToolExamplePage.tsx(108,34): error TS2304: Cannot find name 'fetchBookmarks'.
src/features/ia/tools/IAToolExample/IAToolExamplePage.tsx(109,75): error TS2304: Cannot find name 'selectedCategoryId'.
src/features/ia/tools/IAToolExample/IAToolExamplePage.tsx(114,13): error TS2304: Cannot find name 'createBookmark'.
src/features/ia/tools/IAToolExample/IAToolExamplePage.tsx(118,21): error TS2304: Cannot find name 'selectedCategoryId'.
src/features/ia/tools/IAToolExample/IAToolExamplePage.tsx(136,47): error TS2304: Cannot find name 'selectedCategoryId'.
src/features/ia/tools/IAToolExample/IAToolExamplePage.tsx(139,34): error TS2304: Cannot find name 'fetchBookmarks'.
src/features/ia/tools/IAToolExample/IAToolExamplePage.tsx(140,75): error TS2304: Cannot find name 'selectedCategoryId'.
src/features/ia/tools/IAToolExample/IAToolExamplePage.tsx(149,21): error TS2304: Cannot find name 'selectedCategoryId'.
src/features/ia/tools/IAToolExample/IAToolExamplePage.tsx(159,13): error TS2304: Cannot find name 'createBookmarks'.
src/features/ia/tools/IAToolExample/IAToolExamplePage.tsx(178,16): error TS2304: Cannot find name 'Sparkles'.
src/features/ia/tools/IAToolExample/IAToolExamplePage.tsx(215,26): error TS2304: Cannot find name 'selectedWorkspaceId'.
src/features/ia/tools/IAToolExample/IAToolExamplePage.tsx(216,36): error TS2304: Cannot find name 'setSelectedWorkspaceId'.
src/features/ia/tools/IAToolExample/IAToolExamplePage.tsx(217,29): error TS2304: Cannot find name 'loadingWorkspaces'.
src/features/ia/tools/IAToolExample/IAToolExamplePage.tsx(220,20): error TS2304: Cannot find name 'workspaces'.
src/features/ia/tools/IAToolExample/IAToolExamplePage.tsx(224,18): error TS2304: Cannot find name 'ChevronDown'.
src/features/ia/tools/IAToolExample/IAToolExamplePage.tsx(235,26): error TS2304: Cannot find name 'selectedCategoryId'.
src/features/ia/tools/IAToolExample/IAToolExamplePage.tsx(236,36): error TS2304: Cannot find name 'setSelectedCategoryId'.
src/features/ia/tools/IAToolExample/IAToolExamplePage.tsx(237,29): error TS2304: Cannot find name 'loadingCategories'.
src/features/ia/tools/IAToolExample/IAToolExamplePage.tsx(237,50): error TS2304: Cannot find name 'categories'.
src/features/ia/tools/IAToolExample/IAToolExamplePage.tsx(240,20): error TS2304: Cannot find name 'categories'.
src/features/ia/tools/IAToolExample/IAToolExamplePage.tsx(243,21): error TS2304: Cannot find name 'categories'.
src/features/ia/tools/IAToolExample/IAToolExamplePage.tsx(248,18): error TS2304: Cannot find name 'ChevronDown'.
src/features/ia/tools/IAToolExample/IAToolExamplePage.tsx(264,24): error TS2304: Cannot find name 'AlertCircle'.
src/features/ia/tools/IAToolExample/IAToolExamplePage.tsx(305,102): error TS2304: Cannot find name 'selectedCategoryId'.
src/features/ia/tools/IAToolExample/IAToolExamplePage.tsx(309,26): error TS2304: Cannot find name 'Loader2'.
src/features/ia/tools/IAToolExample/IAToolExamplePage.tsx(312,28): error TS2304: Cannot find name 'Sparkles'.
src/features/ia/tools/IAToolExample/IAToolExamplePage.tsx(324,18): error TS2304: Cannot find name 'AlertCircle'.
src/features/ia/tools/IAToolExample/IAToolExamplePage.tsx(333,16): error TS2304: Cannot find name 'AlertCircle'.
src/features/ia/tools/IAToolExample/IAToolExamplePage.tsx(355,22): error TS2304: Cannot find name 'Plus'.
src/features/ia/tools/IAToolExample/IAToolExamplePage.tsx(373,24): error TS2304: Cannot find name 'ExternalLink'.
src/features/ia/tools/IAToolExample/IAToolExamplePage.tsx(396,24): error TS2304: Cannot find name 'Plus'.
src/features/ia/tools/IAToolExample/IAToolExamplePage.tsx(406,8): error TS2304: Cannot find name 'ErrorModal'.
src/pages/MesSnippets/services/categoryService.ts(77,41): error TS2339: Property 'order' does not exist on type 'never'.
src/pages/MesSnippets/services/categoryService.ts(91,15): error TS2769: No overload matches this call.
  Overload 1 of 2, '(values: never, options?: { count?: "exact" | "planned" | "estimated"; }): PostgrestFilterBuilder<{ PostgrestVersion: "12"; }, never, never, null, "sni_categories", never, "POST">', gave the following error.
    Argument of type '{ id?: string; user_id?: string; collection_id: string; name: string; description?: string; icon?: string; color?: string; order?: number; created_at?: string; updated_at?: string; }' is not assignable to parameter of type 'never'.
  Overload 2 of 2, '(values: never[], options?: { count?: "exact" | "planned" | "estimated"; defaultToNull?: boolean; }): PostgrestFilterBuilder<{ PostgrestVersion: "12"; }, never, never, null, "sni_categories", never, "POST">', gave the following error.
    Argument of type '{ id?: string; user_id?: string; collection_id: string; name: string; description?: string; icon?: string; color?: string; order?: number; created_at?: string; updated_at?: string; }' is not assignable to parameter of type 'never[]'.
      Type '{ id?: string; user_id?: string; collection_id: string; name: string; description?: string; icon?: string; color?: string; order?: number; created_at?: string; updated_at?: string; }' is missing the following properties from type 'never[]': length, pop, push, concat, and 29 more.
src/pages/MesSnippets/services/categoryService.ts(119,15): error TS2345: Argument of type '{ id?: string; user_id?: string; collection_id?: string; name?: string; description?: string; icon?: string; color?: string; order?: number; created_at?: string; updated_at?: string; }' is not assignable to parameter of type 'never'.
src/pages/MesSnippets/services/categoryService.ts(160,17): error TS2345: Argument of type '{ order: number; }' is not assignable to parameter of type 'never'.
src/pages/MesSnippets/services/categoryService.ts(171,51): error TS2339: Property 'data' does not exist on type 'never'.
src/pages/MesSnippets/services/collectionService.ts(69,41): error TS2339: Property 'order' does not exist on type 'never'.
src/pages/MesSnippets/services/collectionService.ts(83,15): error TS2769: No overload matches this call.
  Overload 1 of 2, '(values: never, options?: { count?: "exact" | "planned" | "estimated"; }): PostgrestFilterBuilder<{ PostgrestVersion: "12"; }, never, never, null, "sni_collections", never, "POST">', gave the following error.
    Argument of type '{ id?: string; user_id?: string; name: string; description?: string; language?: string; icon?: string; color?: string; order?: number; created_at?: string; updated_at?: string; }' is not assignable to parameter of type 'never'.
  Overload 2 of 2, '(values: never[], options?: { count?: "exact" | "planned" | "estimated"; defaultToNull?: boolean; }): PostgrestFilterBuilder<{ PostgrestVersion: "12"; }, never, never, null, "sni_collections", never, "POST">', gave the following error.
    Argument of type '{ id?: string; user_id?: string; name: string; description?: string; language?: string; icon?: string; color?: string; order?: number; created_at?: string; updated_at?: string; }' is not assignable to parameter of type 'never[]'.
      Type '{ id?: string; user_id?: string; name: string; description?: string; language?: string; icon?: string; color?: string; order?: number; created_at?: string; updated_at?: string; }' is missing the following properties from type 'never[]': length, pop, push, concat, and 29 more.
src/pages/MesSnippets/services/collectionService.ts(112,15): error TS2345: Argument of type '{ id?: string; user_id?: string; name?: string; description?: string; language?: string; icon?: string; color?: string; order?: number; created_at?: string; updated_at?: string; }' is not assignable to parameter of type 'never'.
src/pages/MesSnippets/services/collectionService.ts(144,17): error TS2345: Argument of type '{ order: number; }' is not assignable to parameter of type 'never'.
src/pages/MesSnippets/services/collectionService.ts(155,53): error TS2339: Property 'data' does not exist on type 'never'.
src/pages/MesSnippets/services/snippetService.ts(95,15): error TS2769: No overload matches this call.
  Overload 1 of 2, '(values: never, options?: { count?: "exact" | "planned" | "estimated"; }): PostgrestFilterBuilder<{ PostgrestVersion: "12"; }, never, never, null, "sni_snippets", never, "POST">', gave the following error.
    Argument of type '{ id?: string; user_id?: string; category_id: string; title: string; code: string; description?: string; tags?: string[]; dependencies?: string[]; created_at?: string; updated_at?: string; }' is not assignable to parameter of type 'never'.
  Overload 2 of 2, '(values: never[], options?: { count?: "exact" | "planned" | "estimated"; defaultToNull?: boolean; }): PostgrestFilterBuilder<{ PostgrestVersion: "12"; }, never, never, null, "sni_snippets", never, "POST">', gave the following error.
    Argument of type '{ id?: string; user_id?: string; category_id: string; title: string; code: string; description?: string; tags?: string[]; dependencies?: string[]; created_at?: string; updated_at?: string; }' is not assignable to parameter of type 'never[]'.
      Type '{ id?: string; user_id?: string; category_id: string; title: string; code: string; description?: string; tags?: string[]; dependencies?: string[]; created_at?: string; updated_at?: string; }' is missing the following properties from type 'never[]': length, pop, push, concat, and 29 more.
src/pages/MesSnippets/services/snippetService.ts(123,15): error TS2345: Argument of type '{ id?: string; user_id?: string; category_id?: string; title?: string; code?: string; description?: string; tags?: string[]; dependencies?: string[]; created_at?: string; updated_at?: string; }' is not assignable to parameter of type 'never'.
supabase/functions/lemon-webhook/index.ts(2,23): error TS2307: Cannot find module 'https://deno.land/std@0.168.0/http/server.ts' or its corresponding type declarations.
supabase/functions/lemon-webhook/index.ts(3,30): error TS2307: Cannot find module 'https://esm.sh/@supabase/supabase-js@2' or its corresponding type declarations.
supabase/functions/lemon-webhook/index.ts(6,22): error TS2304: Cannot find name 'Deno'.
supabase/functions/lemon-webhook/index.ts(7,35): error TS2304: Cannot find name 'Deno'.
supabase/functions/lemon-webhook/index.ts(8,30): error TS2304: Cannot find name 'Deno'.
supabase/functions/llm-proxy/index.ts(5,23): error TS2307: Cannot find module 'https://deno.land/std@0.168.0/http/server.ts' or its corresponding type declarations.
supabase/functions/llm-proxy/index.ts(6,30): error TS2307: Cannot find module 'https://esm.sh/@supabase/supabase-js@2' or its corresponding type declarations.
supabase/functions/llm-proxy/index.ts(22,7): error TS2304: Cannot find name 'Deno'.
supabase/functions/llm-proxy/index.ts(23,7): error TS2304: Cannot find name 'Deno'.
